status: 200
{"requested":{"energy":null,"genre":null,"q":null},"blocks":[{"id":"flashback","title":"Flashback","reason":"Haven't heard this in a minute.","detail":"Last played December 2025","tracks":[{"id":7,"title":"Old Groove","artist":"Artist G","album":"Album G","durationMs":230000,"bpm":122,"camelot":"7A","energy":0.55},{"id":8,"title":"Dusty Record","artist":"Artist H","album":"Album H","durationMs":250000,"bpm":118,"camelot":"4B","energy":0.65},{"id":6,"title":"Night Bus","artist":"Artist F","album":"Album F","durationMs":190000,"bpm":124,"camelot":"8A","energy":0.34},{"id":10,"title":"Back Catalogue","artist":"Artist J","album":"Album J","durationMs":270000,"bpm":100,"camelot":"2B","energy":0.3},{"id":9,"title":"Forgotten Anthem","artist":"Artist I","album":"Album I","durationMs":280000,"bpm":140,"camelot":"12A","energy":0.88}]}]}
