status: 200
{"requested":{"energy":null,"genre":null,"q":null},"blocks":[{"id":"fresh-finds","title":"Fresh finds","reason":"Barely played. Worth your time.","detail":"5 unplayed tracks waiting","tracks":[{"id":13,"title":"Brand New","artist":"Artist M","album":"Album M","durationMs":205000,"bpm":129,"camelot":"8B","energy":0.66},{"id":14,"title":"Quiet Start","artist":"Artist N","album":"Album N","durationMs":310000,"bpm":85,"camelot":"1A","energy":0.15},{"id":12,"title":"Untouched","artist":"Artist L","album":"Album L","durationMs":195000,"bpm":127,"camelot":"9A","energy":0.68},{"id":11,"title":"Fresh Night","artist":"Artist K","album":"Album K","durationMs":215000,"bpm":128,"camelot":"8A","energy":0.78},{"id":15,"title":"Unplayed Groove","artist":"Artist O","album":"Album O","durationMs":225000,"bpm":126,"camelot":"7A","energy":0.45}]}]}
