status: 200
{"requested":{"energy":"low","genre":null,"q":null},"blocks":[{"id":"on-repeat","title":"On repeat","reason":"The ones you keep coming back to.","detail":"7 plays in the last 90 days","tracks":[{"id":3,"title":"Slow Burn","artist":"Artist C","album":"Album C","durationMs":300000,"bpm":90,"camelot":"5A","energy":0.2}]},{"id":"flashback","title":"Flashback","reason":"Haven't heard this in a minute.","detail":"Last played December 2025","tracks":[{"id":6,"title":"Night Bus","artist":"Artist F","album":"Album F","durationMs":190000,"bpm":124,"camelot":"8A","energy":0.34},{"id":10,"title":"Back Catalogue","artist":"Artist J","album":"Album J","durationMs":270000,"bpm":100,"camelot":"2B","energy":0.3}]},{"id":"fresh-finds","title":"Fresh finds","reason":"Barely played. Worth your time.","detail":"1 unplayed tracks waiting","tracks":[{"id":14,"title":"Quiet Start","artist":"Artist N","album":"Album N","durationMs":310000,"bpm":85,"camelot":"1A","energy":0.15}]}]}
