status: 200
{"requested":{"energy":"medium","genre":null,"q":null},"blocks":[{"id":"on-repeat","title":"On repeat","reason":"The ones you keep coming back to.","detail":"5 plays in the last 90 days","tracks":[{"id":4,"title":"Midtempo","artist":"Artist D","album":"Album D","durationMs":260000,"bpm":110,"camelot":"3A","energy":0.5}]},{"id":"flashback","title":"Flashback","reason":"Haven't heard this in a minute.","detail":"Last played October 2025","tracks":[{"id":8,"title":"Dusty Record","artist":"Artist H","album":"Album H","durationMs":250000,"bpm":118,"camelot":"4B","energy":0.65},{"id":7,"title":"Old Groove","artist":"Artist G","album":"Album G","durationMs":230000,"bpm":122,"camelot":"7A","energy":0.55}]},{"id":"fresh-finds","title":"Fresh finds","reason":"Barely played. Worth your time.","detail":"1 unplayed tracks waiting","tracks":[{"id":15,"title":"Unplayed Groove","artist":"Artist O","album":"Album O","durationMs":225000,"bpm":126,"camelot":"7A","energy":0.45}]}]}
