status: 200
{"requested":{"energy":null,"genre":null,"q":null},"blocks":[{"id":"on-repeat","title":"On repeat","reason":"The ones you keep coming back to.","detail":"36 plays in the last 90 days","tracks":[{"id":2,"title":"Warehouse","artist":"Artist B","album":"Album B","durationMs":240000,"bpm":130,"camelot":"8B","energy":0.72}]},{"id":"flashback","title":"Flashback","reason":"Haven't heard this in a minute.","detail":"Last played December 2025","tracks":[{"id":7,"title":"Old Groove","artist":"Artist G","album":"Album G","durationMs":230000,"bpm":122,"camelot":"7A","energy":0.55}]},{"id":"fresh-finds","title":"Fresh finds","reason":"Barely played. Worth your time.","detail":"5 unplayed tracks waiting","tracks":[{"id":11,"title":"Fresh Night","artist":"Artist K","album":"Album K","durationMs":215000,"bpm":128,"camelot":"8A","energy":0.78}]}]}
