status: 200
{"requested":{"energy":null,"genre":null,"q":"night"},"blocks":[{"id":"on-repeat","title":"On repeat","reason":"The ones you keep coming back to.","detail":"12 plays in the last 90 days","tracks":[{"id":1,"title":"Night Drive","artist":"Artist A","album":"Album A","durationMs":210000,"bpm":128,"camelot":"8A","energy":0.8}]},{"id":"flashback","title":"Flashback","reason":"Haven't heard this in a minute.","detail":"Last played November 2025","tracks":[{"id":6,"title":"Night Bus","artist":"Artist F","album":"Album F","durationMs":190000,"bpm":124,"camelot":"8A","energy":0.34}]},{"id":"fresh-finds","title":"Fresh finds","reason":"Barely played. Worth your time.","detail":"1 unplayed tracks waiting","tracks":[{"id":11,"title":"Fresh Night","artist":"Artist K","album":"Album K","durationMs":215000,"bpm":128,"camelot":"8A","energy":0.78}]}]}
